
> hcie@4.0.0 ts:build
> tsc -b

../hcie-core/tsconfig.json(3,3): error TS5101: Option 'baseUrl' is deprecated and will stop functioning in TypeScript 7.0. Specify compilerOption '"ignoreDeprecations": "6.0"' to silence this error.
  Visit https://aka.ms/ts6 for migration information.
../hcie-canvas-ui/src/event-dispatcher.ts(513,30): error TS2345: Argument of type 'HTMLCanvasElement | null' is not assignable to parameter of type 'HTMLCanvasElement'.
  Type 'null' is not assignable to type 'HTMLCanvasElement'.
../hcie-core/src/globals.ts(1,83): error TS6059: File '/home/hc/Belgeler/00_PROJECTS/Tauri/hcie-core/src/types.ts' is not under 'rootDir' '/home/hc/Belgeler/00_PROJECTS/Tauri/hcie-io/src'. 'rootDir' is expected to contain all source files.
  The file is in the program because:
    Imported via './types' from file '/home/hc/Belgeler/00_PROJECTS/Tauri/hcie-core/src/globals.ts'
    Imported via './types' from file '/home/hc/Belgeler/00_PROJECTS/Tauri/hcie-core/src/tool.ts'
    Imported via './types' from file '/home/hc/Belgeler/00_PROJECTS/Tauri/hcie-core/src/layer.ts'
    Imported via './types' from file '/home/hc/Belgeler/00_PROJECTS/Tauri/hcie-core/src/layer.ts'
    Imported via './types' from file '/home/hc/Belgeler/00_PROJECTS/Tauri/hcie-core/src/globals.ts'
    Imported via './types' from file '/home/hc/Belgeler/00_PROJECTS/Tauri/hcie-core/src/globals.ts'
    Imported via './types' from file '/home/hc/Belgeler/00_PROJECTS/Tauri/hcie-core/src/globals.ts'
    Imported via './types' from file '/home/hc/Belgeler/00_PROJECTS/Tauri/hcie-core/src/globals.ts'
    Imported via './types' from file '/home/hc/Belgeler/00_PROJECTS/Tauri/hcie-core/src/document.ts'
    Imported via './types' from file '/home/hc/Belgeler/00_PROJECTS/Tauri/hcie-core/src/history.ts'
    Imported via './types' from file '/home/hc/Belgeler/00_PROJECTS/Tauri/hcie-core/src/history.ts'
    Imported via './types' from file '/home/hc/Belgeler/00_PROJECTS/Tauri/hcie-core/src/history.ts'
    Imported via './types' from file '/home/hc/Belgeler/00_PROJECTS/Tauri/hcie-core/src/history.ts'
    Imported via './types' from file '/home/hc/Belgeler/00_PROJECTS/Tauri/hcie-core/src/history.ts'
    Imported via './types' from file '/home/hc/Belgeler/00_PROJECTS/Tauri/hcie-core/src/history.ts'
    Imported via './types' from file '/home/hc/Belgeler/00_PROJECTS/Tauri/hcie-core/src/history.ts'
    Imported via './types' from file '/home/hc/Belgeler/00_PROJECTS/Tauri/hcie-core/src/history.ts'
    Imported via './types' from file '/home/hc/Belgeler/00_PROJECTS/Tauri/hcie-core/src/history.ts'
    Imported via './types' from file '/home/hc/Belgeler/00_PROJECTS/Tauri/hcie-core/src/history.ts'
    Imported via './types' from file '/home/hc/Belgeler/00_PROJECTS/Tauri/hcie-core/src/history.ts'
    Imported via './types' from file '/home/hc/Belgeler/00_PROJECTS/Tauri/hcie-core/src/history.ts'
    Imported via './types' from file '/home/hc/Belgeler/00_PROJECTS/Tauri/hcie-core/src/history.ts'
    Imported via './types' from file '/home/hc/Belgeler/00_PROJECTS/Tauri/hcie-core/src/index.ts'
../hcie-core/src/globals.ts(1,83): error TS6307: File '/home/hc/Belgeler/00_PROJECTS/Tauri/hcie-core/src/types.ts' is not listed within the file list of project '/home/hc/Belgeler/00_PROJECTS/Tauri/hcie-io/tsconfig.json'. Projects must list all files or use an 'include' pattern.
  The file is in the program because:
    Imported via './types' from file '/home/hc/Belgeler/00_PROJECTS/Tauri/hcie-core/src/globals.ts'
    Imported via './types' from file '/home/hc/Belgeler/00_PROJECTS/Tauri/hcie-core/src/tool.ts'
    Imported via './types' from file '/home/hc/Belgeler/00_PROJECTS/Tauri/hcie-core/src/layer.ts'
    Imported via './types' from file '/home/hc/Belgeler/00_PROJECTS/Tauri/hcie-core/src/layer.ts'
    Imported via './types' from file '/home/hc/Belgeler/00_PROJECTS/Tauri/hcie-core/src/globals.ts'
    Imported via './types' from file '/home/hc/Belgeler/00_PROJECTS/Tauri/hcie-core/src/globals.ts'
    Imported via './types' from file '/home/hc/Belgeler/00_PROJECTS/Tauri/hcie-core/src/globals.ts'
    Imported via './types' from file '/home/hc/Belgeler/00_PROJECTS/Tauri/hcie-core/src/globals.ts'
    Imported via './types' from file '/home/hc/Belgeler/00_PROJECTS/Tauri/hcie-core/src/document.ts'
    Imported via './types' from file '/home/hc/Belgeler/00_PROJECTS/Tauri/hcie-core/src/history.ts'
    Imported via './types' from file '/home/hc/Belgeler/00_PROJECTS/Tauri/hcie-core/src/history.ts'
    Imported via './types' from file '/home/hc/Belgeler/00_PROJECTS/Tauri/hcie-core/src/history.ts'
    Imported via './types' from file '/home/hc/Belgeler/00_PROJECTS/Tauri/hcie-core/src/history.ts'
    Imported via './types' from file '/home/hc/Belgeler/00_PROJECTS/Tauri/hcie-core/src/history.ts'
    Imported via './types' from file '/home/hc/Belgeler/00_PROJECTS/Tauri/hcie-core/src/history.ts'
    Imported via './types' from file '/home/hc/Belgeler/00_PROJECTS/Tauri/hcie-core/src/history.ts'
    Imported via './types' from file '/home/hc/Belgeler/00_PROJECTS/Tauri/hcie-core/src/history.ts'
    Imported via './types' from file '/home/hc/Belgeler/00_PROJECTS/Tauri/hcie-core/src/history.ts'
    Imported via './types' from file '/home/hc/Belgeler/00_PROJECTS/Tauri/hcie-core/src/history.ts'
    Imported via './types' from file '/home/hc/Belgeler/00_PROJECTS/Tauri/hcie-core/src/history.ts'
    Imported via './types' from file '/home/hc/Belgeler/00_PROJECTS/Tauri/hcie-core/src/history.ts'
    Imported via './types' from file '/home/hc/Belgeler/00_PROJECTS/Tauri/hcie-core/src/history.ts'
    Imported via './types' from file '/home/hc/Belgeler/00_PROJECTS/Tauri/hcie-core/src/index.ts'
../hcie-core/src/globals.ts(2,22): error TS6059: File '/home/hc/Belgeler/00_PROJECTS/Tauri/hcie-core/src/tool.ts' is not under 'rootDir' '/home/hc/Belgeler/00_PROJECTS/Tauri/hcie-io/src'. 'rootDir' is expected to contain all source files.
  The file is in the program because:
    Imported via './tool' from file '/home/hc/Belgeler/00_PROJECTS/Tauri/hcie-core/src/globals.ts'
    Imported via './tool' from file '/home/hc/Belgeler/00_PROJECTS/Tauri/hcie-core/src/index.ts'
../hcie-core/src/globals.ts(2,22): error TS6307: File '/home/hc/Belgeler/00_PROJECTS/Tauri/hcie-core/src/tool.ts' is not listed within the file list of project '/home/hc/Belgeler/00_PROJECTS/Tauri/hcie-io/tsconfig.json'. Projects must list all files or use an 'include' pattern.
  The file is in the program because:
    Imported via './tool' from file '/home/hc/Belgeler/00_PROJECTS/Tauri/hcie-core/src/globals.ts'
    Imported via './tool' from file '/home/hc/Belgeler/00_PROJECTS/Tauri/hcie-core/src/index.ts'
../hcie-core/src/globals.ts(3,28): error TS6059: File '/home/hc/Belgeler/00_PROJECTS/Tauri/hcie-core/src/layer.ts' is not under 'rootDir' '/home/hc/Belgeler/00_PROJECTS/Tauri/hcie-io/src'. 'rootDir' is expected to contain all source files.
../hcie-core/src/globals.ts(3,28): error TS6307: File '/home/hc/Belgeler/00_PROJECTS/Tauri/hcie-core/src/layer.ts' is not listed within the file list of project '/home/hc/Belgeler/00_PROJECTS/Tauri/hcie-io/tsconfig.json'. Projects must list all files or use an 'include' pattern.
../hcie-core/src/history.ts(298,5): error TS2717: Subsequent property declarations must have the same type.  Property 'historyManager' must be of type 'any', but here has type 'HistoryManager'.
../hcie-core/src/index.ts(1,15): error TS6059: File '/home/hc/Belgeler/00_PROJECTS/Tauri/hcie-core/src/globals.ts' is not under 'rootDir' '/home/hc/Belgeler/00_PROJECTS/Tauri/hcie-io/src'. 'rootDir' is expected to contain all source files.
  The file is in the program because:
    Imported via './globals' from file '/home/hc/Belgeler/00_PROJECTS/Tauri/hcie-core/src/index.ts'
    Imported via './globals' from file '/home/hc/Belgeler/00_PROJECTS/Tauri/hcie-core/src/document.ts'
    Imported via './globals' from file '/home/hc/Belgeler/00_PROJECTS/Tauri/hcie-core/src/history.ts'
    Imported via './globals' from file '/home/hc/Belgeler/00_PROJECTS/Tauri/hcie-core/src/history.ts'
    Imported via './globals' from file '/home/hc/Belgeler/00_PROJECTS/Tauri/hcie-core/src/config.ts'
../hcie-core/src/index.ts(1,15): error TS6307: File '/home/hc/Belgeler/00_PROJECTS/Tauri/hcie-core/src/globals.ts' is not listed within the file list of project '/home/hc/Belgeler/00_PROJECTS/Tauri/hcie-io/tsconfig.json'. Projects must list all files or use an 'include' pattern.
  The file is in the program because:
    Imported via './globals' from file '/home/hc/Belgeler/00_PROJECTS/Tauri/hcie-core/src/index.ts'
    Imported via './globals' from file '/home/hc/Belgeler/00_PROJECTS/Tauri/hcie-core/src/document.ts'
    Imported via './globals' from file '/home/hc/Belgeler/00_PROJECTS/Tauri/hcie-core/src/history.ts'
    Imported via './globals' from file '/home/hc/Belgeler/00_PROJECTS/Tauri/hcie-core/src/history.ts'
    Imported via './globals' from file '/home/hc/Belgeler/00_PROJECTS/Tauri/hcie-core/src/config.ts'
../hcie-core/src/index.ts(2,15): error TS6059: File '/home/hc/Belgeler/00_PROJECTS/Tauri/hcie-core/src/document.ts' is not under 'rootDir' '/home/hc/Belgeler/00_PROJECTS/Tauri/hcie-io/src'. 'rootDir' is expected to contain all source files.
../hcie-core/src/index.ts(2,15): error TS6307: File '/home/hc/Belgeler/00_PROJECTS/Tauri/hcie-core/src/document.ts' is not listed within the file list of project '/home/hc/Belgeler/00_PROJECTS/Tauri/hcie-io/tsconfig.json'. Projects must list all files or use an 'include' pattern.
../hcie-core/src/index.ts(3,15): error TS6059: File '/home/hc/Belgeler/00_PROJECTS/Tauri/hcie-core/src/history.ts' is not under 'rootDir' '/home/hc/Belgeler/00_PROJECTS/Tauri/hcie-io/src'. 'rootDir' is expected to contain all source files.
../hcie-core/src/index.ts(3,15): error TS6307: File '/home/hc/Belgeler/00_PROJECTS/Tauri/hcie-core/src/history.ts' is not listed within the file list of project '/home/hc/Belgeler/00_PROJECTS/Tauri/hcie-io/tsconfig.json'. Projects must list all files or use an 'include' pattern.
../hcie-core/src/index.ts(6,52): error TS6059: File '/home/hc/Belgeler/00_PROJECTS/Tauri/hcie-core/src/config.ts' is not under 'rootDir' '/home/hc/Belgeler/00_PROJECTS/Tauri/hcie-io/src'. 'rootDir' is expected to contain all source files.
../hcie-core/src/index.ts(6,52): error TS6307: File '/home/hc/Belgeler/00_PROJECTS/Tauri/hcie-core/src/config.ts' is not listed within the file list of project '/home/hc/Belgeler/00_PROJECTS/Tauri/hcie-io/tsconfig.json'. Projects must list all files or use an 'include' pattern.
../hcie-core/src/types.ts(11,8): error TS6059: File '/home/hc/Belgeler/00_PROJECTS/Tauri/hcie-shared/src/index.ts' is not under 'rootDir' '/home/hc/Belgeler/00_PROJECTS/Tauri/hcie-io/src'. 'rootDir' is expected to contain all source files.
  The file is in the program because:
    Imported via '@hcie/shared' from file '/home/hc/Belgeler/00_PROJECTS/Tauri/hcie-core/src/types.ts'
    Imported via '@hcie/shared' from file '/home/hc/Belgeler/00_PROJECTS/Tauri/hcie-core/src/document.ts'
    Imported via '@hcie/shared' from file '/home/hc/Belgeler/00_PROJECTS/Tauri/hcie-core/src/history.ts'
    Imported via '@hcie/shared' from file '/home/hc/Belgeler/00_PROJECTS/Tauri/hcie-core/src/config.ts'
    Imported via '@hcie/shared' from file '/home/hc/Belgeler/00_PROJECTS/Tauri/hcie-io/src/format-interface.ts'
    Imported via '@hcie/shared' from file '/home/hc/Belgeler/00_PROJECTS/Tauri/hcie-io/src/psd-handler.ts'
    Imported via '@hcie/shared' from file '/home/hc/Belgeler/00_PROJECTS/Tauri/hcie-io/src/project/serializer.ts'
    Imported via '@hcie/shared' from file '/home/hc/Belgeler/00_PROJECTS/Tauri/hcie-io/src/project/types.ts'
    Imported via '@hcie/shared' from file '/home/hc/Belgeler/00_PROJECTS/Tauri/hcie-io/src/project/importer.ts'
    Imported via '@hcie/shared' from file '/home/hc/Belgeler/00_PROJECTS/Tauri/hcie-io/src/mocks/core.ts'
../hcie-core/src/types.ts(11,8): error TS6307: File '/home/hc/Belgeler/00_PROJECTS/Tauri/hcie-shared/src/index.ts' is not listed within the file list of project '/home/hc/Belgeler/00_PROJECTS/Tauri/hcie-io/tsconfig.json'. Projects must list all files or use an 'include' pattern.
  The file is in the program because:
    Imported via '@hcie/shared' from file '/home/hc/Belgeler/00_PROJECTS/Tauri/hcie-core/src/types.ts'
    Imported via '@hcie/shared' from file '/home/hc/Belgeler/00_PROJECTS/Tauri/hcie-core/src/document.ts'
    Imported via '@hcie/shared' from file '/home/hc/Belgeler/00_PROJECTS/Tauri/hcie-core/src/history.ts'
    Imported via '@hcie/shared' from file '/home/hc/Belgeler/00_PROJECTS/Tauri/hcie-core/src/config.ts'
    Imported via '@hcie/shared' from file '/home/hc/Belgeler/00_PROJECTS/Tauri/hcie-io/src/format-interface.ts'
    Imported via '@hcie/shared' from file '/home/hc/Belgeler/00_PROJECTS/Tauri/hcie-io/src/psd-handler.ts'
    Imported via '@hcie/shared' from file '/home/hc/Belgeler/00_PROJECTS/Tauri/hcie-io/src/project/serializer.ts'
    Imported via '@hcie/shared' from file '/home/hc/Belgeler/00_PROJECTS/Tauri/hcie-io/src/project/types.ts'
    Imported via '@hcie/shared' from file '/home/hc/Belgeler/00_PROJECTS/Tauri/hcie-io/src/project/importer.ts'
    Imported via '@hcie/shared' from file '/home/hc/Belgeler/00_PROJECTS/Tauri/hcie-io/src/mocks/core.ts'
../hcie-io/src/api.ts(7,33): error TS6059: File '/home/hc/Belgeler/00_PROJECTS/Tauri/hcie-core/src/index.ts' is not under 'rootDir' '/home/hc/Belgeler/00_PROJECTS/Tauri/hcie-io/src'. 'rootDir' is expected to contain all source files.
  The file is in the program because:
    Imported via '@hcie/core' from file '/home/hc/Belgeler/00_PROJECTS/Tauri/hcie-io/src/api.ts'
    Imported via '@hcie/core' from file '/home/hc/Belgeler/00_PROJECTS/Tauri/hcie-io/src/api/tauri.ts'
    Imported via '@hcie/core' from file '/home/hc/Belgeler/00_PROJECTS/Tauri/hcie-io/src/psd-handler.ts'
    Imported via '@hcie/core' from file '/home/hc/Belgeler/00_PROJECTS/Tauri/hcie-io/src/psd-handler.ts'
    Imported via '@hcie/core' from file '/home/hc/Belgeler/00_PROJECTS/Tauri/hcie-io/src/psd/types.ts'
    Imported via '@hcie/core' from file '/home/hc/Belgeler/00_PROJECTS/Tauri/hcie-io/src/psd/renderer.ts'
    Imported via '@hcie/core' from file '/home/hc/Belgeler/00_PROJECTS/Tauri/hcie-io/src/psd/utils.ts'
    Imported via '@hcie/core' from file '/home/hc/Belgeler/00_PROJECTS/Tauri/hcie-io/src/psd/writer.ts'
    Imported via '@hcie/core' from file '/home/hc/Belgeler/00_PROJECTS/Tauri/hcie-io/src/api/web.ts'
    Imported via '@hcie/core' from file '/home/hc/Belgeler/00_PROJECTS/Tauri/hcie-io/src/project/serializer.ts'
    Imported via '@hcie/core' from file '/home/hc/Belgeler/00_PROJECTS/Tauri/hcie-io/src/project/importer.ts'
    Imported via '@hcie/core' from file '/home/hc/Belgeler/00_PROJECTS/Tauri/hcie-io/src/project/exporter.ts'
../hcie-io/src/api.ts(7,33): error TS6307: File '/home/hc/Belgeler/00_PROJECTS/Tauri/hcie-core/src/index.ts' is not listed within the file list of project '/home/hc/Belgeler/00_PROJECTS/Tauri/hcie-io/tsconfig.json'. Projects must list all files or use an 'include' pattern.
  The file is in the program because:
    Imported via '@hcie/core' from file '/home/hc/Belgeler/00_PROJECTS/Tauri/hcie-io/src/api.ts'
    Imported via '@hcie/core' from file '/home/hc/Belgeler/00_PROJECTS/Tauri/hcie-io/src/api/tauri.ts'
    Imported via '@hcie/core' from file '/home/hc/Belgeler/00_PROJECTS/Tauri/hcie-io/src/psd-handler.ts'
    Imported via '@hcie/core' from file '/home/hc/Belgeler/00_PROJECTS/Tauri/hcie-io/src/psd-handler.ts'
    Imported via '@hcie/core' from file '/home/hc/Belgeler/00_PROJECTS/Tauri/hcie-io/src/psd/types.ts'
    Imported via '@hcie/core' from file '/home/hc/Belgeler/00_PROJECTS/Tauri/hcie-io/src/psd/renderer.ts'
    Imported via '@hcie/core' from file '/home/hc/Belgeler/00_PROJECTS/Tauri/hcie-io/src/psd/utils.ts'
    Imported via '@hcie/core' from file '/home/hc/Belgeler/00_PROJECTS/Tauri/hcie-io/src/psd/writer.ts'
    Imported via '@hcie/core' from file '/home/hc/Belgeler/00_PROJECTS/Tauri/hcie-io/src/api/web.ts'
    Imported via '@hcie/core' from file '/home/hc/Belgeler/00_PROJECTS/Tauri/hcie-io/src/project/serializer.ts'
    Imported via '@hcie/core' from file '/home/hc/Belgeler/00_PROJECTS/Tauri/hcie-io/src/project/importer.ts'
    Imported via '@hcie/core' from file '/home/hc/Belgeler/00_PROJECTS/Tauri/hcie-io/src/project/exporter.ts'
../hcie-io/src/formats/krita-tiles.ts(6,28): error TS7016: Could not find a declaration file for module 'lzfjs'. '/home/hc/Belgeler/00_PROJECTS/Tauri/hcie-io/node_modules/lzfjs/lzf.js' implicitly has an 'any' type.
  Try `npm i --save-dev @types/lzfjs` if it exists or add a new declaration (.d.ts) file containing `declare module 'lzfjs';`
../hcie-io/src/formats/psd-format.ts(22,27): error TS2339: Property 'length' does not exist on type 'PsdRenderResult'.
../hcie-io/src/formats/psd-format.ts(26,24): error TS7053: Element implicitly has an 'any' type because expression of type '0' can't be used to index type 'PsdRenderResult'.
  Property '0' does not exist on type 'PsdRenderResult'.
../hcie-io/src/formats/psd-format.ts(34,22): error TS2339: Property 'map' does not exist on type 'PsdRenderResult'.
../hcie-io/src/test/comparison.ts(7,21): error TS2307: Cannot find module '../formats/png' or its corresponding type declarations.
../hcie-io/src/test/comparison.ts(14,5): error TS2769: No overload matches this call.
  The last overload gave the following error.
    Argument of type 'Response' is not assignable to parameter of type 'ArrayBuffer | ArrayLike<number>'.
../hcie-io/src/test/comparison.ts(15,5): error TS2339: Property 'arrayBuffer' does not exist on type 'Uint8Array<ArrayBuffer>'.
../hcie-io/src/test/comparison.ts(18,5): error TS2769: No overload matches this call.
  The last overload gave the following error.
    Argument of type 'Response' is not assignable to parameter of type 'ArrayBuffer | ArrayLike<number>'.
../hcie-io/src/test/comparison.ts(19,5): error TS2339: Property 'arrayBuffer' does not exist on type 'Uint8Array<ArrayBuffer>'.
../hcie-io/src/test/comparison.ts(45,1): error TS2552: Cannot find name 'comparisonTestImages'. Did you mean 'compareTestImages'?
../hcie-shared/src/index.ts(5,15): error TS6059: File '/home/hc/Belgeler/00_PROJECTS/Tauri/hcie-shared/src/math.ts' is not under 'rootDir' '/home/hc/Belgeler/00_PROJECTS/Tauri/hcie-io/src'. 'rootDir' is expected to contain all source files.
../hcie-shared/src/index.ts(5,15): error TS6307: File '/home/hc/Belgeler/00_PROJECTS/Tauri/hcie-shared/src/math.ts' is not listed within the file list of project '/home/hc/Belgeler/00_PROJECTS/Tauri/hcie-io/tsconfig.json'. Projects must list all files or use an 'include' pattern.
../hcie-shared/src/index.ts(6,15): error TS6059: File '/home/hc/Belgeler/00_PROJECTS/Tauri/hcie-shared/src/tool-settings.ts' is not under 'rootDir' '/home/hc/Belgeler/00_PROJECTS/Tauri/hcie-io/src'. 'rootDir' is expected to contain all source files.
../hcie-shared/src/index.ts(6,15): error TS6307: File '/home/hc/Belgeler/00_PROJECTS/Tauri/hcie-shared/src/tool-settings.ts' is not listed within the file list of project '/home/hc/Belgeler/00_PROJECTS/Tauri/hcie-io/tsconfig.json'. Projects must list all files or use an 'include' pattern.
../hcie-shared/src/index.ts(8,15): error TS6059: File '/home/hc/Belgeler/00_PROJECTS/Tauri/hcie-shared/src/tooltip.ts' is not under 'rootDir' '/home/hc/Belgeler/00_PROJECTS/Tauri/hcie-io/src'. 'rootDir' is expected to contain all source files.
../hcie-shared/src/index.ts(8,15): error TS6307: File '/home/hc/Belgeler/00_PROJECTS/Tauri/hcie-shared/src/tooltip.ts' is not listed within the file list of project '/home/hc/Belgeler/00_PROJECTS/Tauri/hcie-io/tsconfig.json'. Projects must list all files or use an 'include' pattern.
../hcie-shared/src/index.ts(9,15): error TS6059: File '/home/hc/Belgeler/00_PROJECTS/Tauri/hcie-shared/src/rendering.ts' is not under 'rootDir' '/home/hc/Belgeler/00_PROJECTS/Tauri/hcie-io/src'. 'rootDir' is expected to contain all source files.
../hcie-shared/src/index.ts(9,15): error TS6307: File '/home/hc/Belgeler/00_PROJECTS/Tauri/hcie-shared/src/rendering.ts' is not listed within the file list of project '/home/hc/Belgeler/00_PROJECTS/Tauri/hcie-io/tsconfig.json'. Projects must list all files or use an 'include' pattern.
../hcie-shared/src/index.ts(10,15): error TS6059: File '/home/hc/Belgeler/00_PROJECTS/Tauri/hcie-shared/src/events/event-bus.ts' is not under 'rootDir' '/home/hc/Belgeler/00_PROJECTS/Tauri/hcie-io/src'. 'rootDir' is expected to contain all source files.
../hcie-shared/src/index.ts(10,15): error TS6307: File '/home/hc/Belgeler/00_PROJECTS/Tauri/hcie-shared/src/events/event-bus.ts' is not listed within the file list of project '/home/hc/Belgeler/00_PROJECTS/Tauri/hcie-io/tsconfig.json'. Projects must list all files or use an 'include' pattern.
../hcie-shared/src/math.ts(1,27): error TS6059: File '/home/hc/Belgeler/00_PROJECTS/Tauri/hcie-shared/src/types.ts' is not under 'rootDir' '/home/hc/Belgeler/00_PROJECTS/Tauri/hcie-io/src'. 'rootDir' is expected to contain all source files.
  The file is in the program because:
    Imported via './types' from file '/home/hc/Belgeler/00_PROJECTS/Tauri/hcie-shared/src/math.ts'
    Imported via './types' from file '/home/hc/Belgeler/00_PROJECTS/Tauri/hcie-shared/src/index.ts'
    Imported via './types' from file '/home/hc/Belgeler/00_PROJECTS/Tauri/hcie-shared/src/rendering.ts'
../hcie-shared/src/math.ts(1,27): error TS6307: File '/home/hc/Belgeler/00_PROJECTS/Tauri/hcie-shared/src/types.ts' is not listed within the file list of project '/home/hc/Belgeler/00_PROJECTS/Tauri/hcie-io/tsconfig.json'. Projects must list all files or use an 'include' pattern.
  The file is in the program because:
    Imported via './types' from file '/home/hc/Belgeler/00_PROJECTS/Tauri/hcie-shared/src/math.ts'
    Imported via './types' from file '/home/hc/Belgeler/00_PROJECTS/Tauri/hcie-shared/src/index.ts'
    Imported via './types' from file '/home/hc/Belgeler/00_PROJECTS/Tauri/hcie-shared/src/rendering.ts'
../hcie-ui-components/src/index.ts(2,8): error TS2882: Cannot find module or type declarations for side-effect import of './styles/index.css'.
../hcie-ui-components/src/window-controls.ts(24,59): error TS2307: Cannot find module '@tauri-apps/api/window' or its corresponding type declarations.
